1788:C 02 Apr 2026 14:30:53.466 # oO0OoO0OoO0Oo Redis is starting oO0OoO0OoO0Oo
1788:C 02 Apr 2026 14:30:53.466 # Redis version=6.0.16, bits=64, commit=00000000, modified=0, pid=1788, just started
1788:C 02 Apr 2026 14:30:53.466 # Warning: no config file specified, using the default config. In order to specify a config file use redis-server /path/to/redis.conf
1788:M 02 Apr 2026 14:30:53.467 * Running mode=standalone, port=6379.
1788:M 02 Apr 2026 14:30:53.468 # Server initialized
1788:M 02 Apr 2026 14:30:53.468 # WARNING overcommit_memory is set to 0! Background save may fail under low memory condition. To fix this issue add 'vm.overcommit_memory = 1' to /etc/sysctl.conf and then reboot or run the command 'sysctl vm.overcommit_memory=1' for this to take effect.
1788:M 02 Apr 2026 14:30:53.471 * Loading RDB produced by version 6.0.16
1788:M 02 Apr 2026 14:30:53.471 * RDB age 7729 seconds
1788:M 02 Apr 2026 14:30:53.471 * RDB memory usage when created 0.77 Mb
1788:M 02 Apr 2026 14:30:53.471 * DB loaded from disk: 0.000 seconds
1788:M 02 Apr 2026 14:30:53.471 * Ready to accept connections
1788:M 02 Apr 2026 15:30:54.060 * 1 changes in 3600 seconds. Saving...
1788:M 02 Apr 2026 15:30:54.063 * Background saving started by pid 15605
15605:C 02 Apr 2026 15:30:54.065 * DB saved on disk
15605:C 02 Apr 2026 15:30:54.066 * RDB: 0 MB of memory used by copy-on-write
1788:M 02 Apr 2026 15:30:54.165 * Background saving terminated with success
1788:M 02 Apr 2026 22:57:54.147 * 1 changes in 3600 seconds. Saving...
1788:M 02 Apr 2026 22:57:54.147 * Background saving started by pid 28197
28197:C 02 Apr 2026 22:57:54.150 * DB saved on disk
28197:C 02 Apr 2026 22:57:54.151 * RDB: 0 MB of memory used by copy-on-write
1788:M 02 Apr 2026 22:57:54.249 * Background saving terminated with success
